// Jest Snapshot v1, https://goo.gl/fbAQLP

exports[`App Component should render correctly 1`] = `
ShallowWrapper {
  Symbol(enzyme.__root__): [Circular],
  Symbol(enzyme.__unrendered__): <App />,
  Symbol(enzyme.__renderer__): Object {
    "batchedUpdates": [Function],
    "getNode": [Function],
    "render": [Function],
    "simulateError": [Function],
    "simulateEvent": [Function],
    "unmount": [Function],
  },
  Symbol(enzyme.__node__): Object {
    "instance": null,
    "key": undefined,
    "nodeType": "host",
    "props": Object {
      "children": Array [
        <DatePicker
          filters={
            Object {
              "endDate": null,
              "startDate": null,
            }
          }
          onSetEndDate={[Function]}
          onSetStartDate={[Function]}
        />,
        <WithStyles(PaymentTable)
          payments={
            Array [
              Object {
                "balance": "$3,830.90",
                "date": "2018-09-28",
                "id": "5bcaf299081302b4b3edf7e0",
                "purpose": "bill",
                "sum": "$558.00",
              },
              Object {
                "balance": "$2,408.67",
                "date": "2017-11-30",
                "id": "5bcaf2995e06351ef89f4647",
                "purpose": "bill",
                "sum": "$866.00",
              },
              Object {
                "balance": "$1,953.59",
                "date": "2015-10-02",
                "id": "5bcaf29903fb5c14e9e50ab5",
                "purpose": "bill",
                "sum": "$938.00",
              },
              Object {
                "balance": "$1,681.36",
                "date": "2017-06-06",
                "id": "5bcaf29953bbec00afa91b65",
                "purpose": "bill",
                "sum": "$454.00",
              },
              Object {
                "balance": "$3,000.41",
                "date": "2018-08-24",
                "id": "5bcaf2991b8797ba0b36cda5",
                "purpose": "debt",
                "sum": "$280.00",
              },
              Object {
                "balance": "$3,344.79",
                "date": "2018-10-29",
                "id": "5bcaf299c691cd190c9a1eac",
                "purpose": "bill",
                "sum": "$510.00",
              },
              Object {
                "balance": "$2,670.31",
                "date": "2017-11-30",
                "id": "5bcaf2993bef3ac01e584b70",
                "purpose": "bill",
                "sum": "$242.00",
              },
              Object {
                "balance": "$2,845.42",
                "date": "2018-07-23",
                "id": "5bcaf299868ebbb3fa376822",
                "purpose": "debt",
                "sum": "$433.00",
              },
              Object {
                "balance": "$1,340.13",
                "date": "2018-03-04",
                "id": "5bcaf29986506804bf1f8379",
                "purpose": "debt",
                "sum": "$941.00",
              },
              Object {
                "balance": "$3,264.82",
                "date": "2017-09-15",
                "id": "5bcaf29948db6d1f8e0ea6ee",
                "purpose": "bill",
                "sum": "$918.00",
              },
              Object {
                "balance": "$2,714.13",
                "date": "2017-08-11",
                "id": "5bcaf299a5eed7e5279ad658",
                "purpose": "debt",
                "sum": "$431.00",
              },
              Object {
                "balance": "$2,191.46",
                "date": "2018-09-17",
                "id": "5bcaf299e104da4a37318858",
                "purpose": "debt",
                "sum": "$977.00",
              },
              Object {
                "balance": "$3,612.70",
                "date": "2018-04-01",
                "id": "5bcaf299fd1691a0ed74d3c6",
                "purpose": "debt",
                "sum": "$304.00",
              },
              Object {
                "balance": "$3,311.94",
                "date": "2015-02-23",
                "id": "5bcaf2999370cacfb00024f1",
                "purpose": "debt",
                "sum": "$895.00",
              },
              Object {
                "balance": "$2,661.82",
                "date": "2018-09-29",
                "id": "5bcaf2996126b9e6a1004b64",
                "purpose": "debt",
                "sum": "$361.00",
              },
              Object {
                "balance": "$2,397.50",
                "date": "2016-04-22",
                "id": "5bcaf2993e4fb402d69e64e2",
                "purpose": "bill",
                "sum": "$475.00",
              },
              Object {
                "balance": "$2,848.27",
                "date": "2016-03-10",
                "id": "5bcaf2994a7945c85f65b55e",
                "purpose": "debt",
                "sum": "$798.00",
              },
              Object {
                "balance": "$3,197.04",
                "date": "2016-12-05",
                "id": "5bcaf299c2072e1873d1b99c",
                "purpose": "bill",
                "sum": "$704.00",
              },
              Object {
                "balance": "$3,511.01",
                "date": "2017-09-18",
                "id": "5bcaf299aa936adf25e1a39c",
                "purpose": "bill",
                "sum": "$954.00",
              },
              Object {
                "balance": "$3,304.55",
                "date": "2017-12-11",
                "id": "5bcaf299378179dd78670d6c",
                "purpose": "debt",
                "sum": "$207.00",
              },
              Object {
                "balance": "$1,768.56",
                "date": "2018-10-09",
                "id": "5bcaf299547b092f17533469",
                "purpose": "bill",
                "sum": "$545.00",
              },
              Object {
                "balance": "$1,321.60",
                "date": "2018-04-10",
                "id": "5bcaf299e1e2e1b6fa96d7d2",
                "purpose": "debt",
                "sum": "$804.00",
              },
              Object {
                "balance": "$1,396.30",
                "date": "2018-08-02",
                "id": "5bcaf2995be3bfad480a65f9",
                "purpose": "bill",
                "sum": "$680.00",
              },
              Object {
                "balance": "$3,194.47",
                "date": "2016-06-12",
                "id": "5bcaf299ebde6e4f32e9ec23",
                "purpose": "debt",
                "sum": "$791.00",
              },
              Object {
                "balance": "$2,572.38",
                "date": "2016-03-05",
                "id": "5bcaf29926a9a7376c1d850b",
                "purpose": "bill",
                "sum": "$145.00",
              },
              Object {
                "balance": "$3,694.97",
                "date": "2014-12-30",
                "id": "5bcaf2995cf632654385d6d4",
                "purpose": "bill",
                "sum": "$428.00",
              },
              Object {
                "balance": "$2,447.56",
                "date": "2017-04-10",
                "id": "5bcaf299245799c8c39baf9b",
                "purpose": "debt",
                "sum": "$171.00",
              },
              Object {
                "balance": "$2,303.50",
                "date": "2018-10-21",
                "id": "5bcaf2991607676ac04751e0",
                "purpose": "debt",
                "sum": "$818.00",
              },
              Object {
                "balance": "$3,664.57",
                "date": "2017-10-04",
                "id": "5bcaf2995ddfe7fdc18ff139",
                "purpose": "bill",
                "sum": "$987.00",
              },
              Object {
                "balance": "$1,990.31",
                "date": "2014-07-04",
                "id": "5bcaf29915566389cee4fb18",
                "purpose": "debt",
                "sum": "$955.00",
              },
              Object {
                "balance": "$1,801.15",
                "date": "2016-07-02",
                "id": "5bcaf299a7aabccc1b29d069",
                "purpose": "bill",
                "sum": "$791.00",
              },
              Object {
                "balance": "$1,374.29",
                "date": "2017-07-07",
                "id": "5bcaf2998ba7a61975fe9cb0",
                "purpose": "debt",
                "sum": "$590.00",
              },
              Object {
                "balance": "$3,675.73",
                "date": "2017-12-07",
                "id": "5bcaf299b4a830c5681c5093",
                "purpose": "bill",
                "sum": "$230.00",
              },
              Object {
                "balance": "$2,378.23",
                "date": "2015-10-25",
                "id": "5bcaf299d34a64756170695e",
                "purpose": "bill",
                "sum": "$168.00",
              },
              Object {
                "balance": "$2,721.22",
                "date": "2014-08-10",
                "id": "5bcaf29942bf601e9270998c",
                "purpose": "debt",
                "sum": "$226.00",
              },
              Object {
                "balance": "$1,553.64",
                "date": "2015-12-08",
                "id": "5bcaf2993512fc952a96487c",
                "purpose": "debt",
                "sum": "$344.00",
              },
              Object {
                "balance": "$1,644.40",
                "date": "2017-10-19",
                "id": "5bcaf2993bab2154da464bba",
                "purpose": "debt",
                "sum": "$176.00",
              },
              Object {
                "balance": "$2,766.67",
                "date": "2014-01-08",
                "id": "5bcaf29951094869eb09bbca",
                "purpose": "bill",
                "sum": "$665.00",
              },
              Object {
                "balance": "$1,654.32",
                "date": "2018-08-17",
                "id": "5bcaf2991084d8a4ff28af25",
                "purpose": "bill",
                "sum": "$350.00",
              },
              Object {
                "balance": "$3,968.68",
                "date": "2017-04-20",
                "id": "5bcaf29997eade264e44fd15",
                "purpose": "bill",
                "sum": "$512.00",
              },
              Object {
                "balance": "$1,165.31",
                "date": "2016-06-07",
                "id": "5bcaf29916783fb2cccee18f",
                "purpose": "bill",
                "sum": "$424.00",
              },
              Object {
                "balance": "$1,721.10",
                "date": "2017-12-16",
                "id": "5bcaf299f50b5924f015c7c9",
                "purpose": "debt",
                "sum": "$717.00",
              },
              Object {
                "balance": "$3,387.97",
                "date": "2015-11-26",
                "id": "5bcaf29993e3c5e871c41e78",
                "purpose": "bill",
                "sum": "$171.00",
              },
              Object {
                "balance": "$2,129.62",
                "date": "2018-09-01",
                "id": "5bcaf299131c0e220ce7c007",
                "purpose": "debt",
                "sum": "$338.00",
              },
              Object {
                "balance": "$3,735.50",
                "date": "2016-11-17",
                "id": "5bcaf2995e23e655b5258a73",
                "purpose": "bill",
                "sum": "$136.00",
              },
              Object {
                "balance": "$2,891.80",
                "date": "2014-12-18",
                "id": "5bcaf299ac3c3481ee162398",
                "purpose": "bill",
                "sum": "$927.00",
              },
              Object {
                "balance": "$2,395.89",
                "date": "2014-12-27",
                "id": "5bcaf299a11e2f70d1af3347",
                "purpose": "debt",
                "sum": "$862.00",
              },
              Object {
                "balance": "$3,105.62",
                "date": "2018-04-23",
                "id": "5bcaf299edc7252da334e70e",
                "purpose": "bill",
                "sum": "$398.00",
              },
              Object {
                "balance": "$3,483.62",
                "date": "2014-06-09",
                "id": "5bcaf2992089d57550a1baf5",
                "purpose": "bill",
                "sum": "$207.00",
              },
              Object {
                "balance": "$3,793.09",
                "date": "2015-04-10",
                "id": "5bcaf299069d8fe39b5ac25a",
                "purpose": "debt",
                "sum": "$162.00",
              },
              Object {
                "balance": "$3,819.35",
                "date": "2017-09-28",
                "id": "5bcaf2991e8b8b14cf0a1aa1",
                "purpose": "bill",
                "sum": "$917.00",
              },
              Object {
                "balance": "$3,640.90",
                "date": "2017-08-06",
                "id": "5bcaf29912f33e8d1a7bf892",
                "purpose": "bill",
                "sum": "$615.00",
              },
              Object {
                "balance": "$1,224.50",
                "date": "2017-05-10",
                "id": "5bcaf299e0b29001ca6e9175",
                "purpose": "bill",
                "sum": "$185.00",
              },
              Object {
                "balance": "$3,310.24",
                "date": "2015-06-28",
                "id": "5bcaf29953e3135487d847bd",
                "purpose": "debt",
                "sum": "$142.00",
              },
              Object {
                "balance": "$1,045.86",
                "date": "2016-08-11",
                "id": "5bcaf299a5eccc999981a05f",
                "purpose": "bill",
                "sum": "$129.00",
              },
              Object {
                "balance": "$1,999.61",
                "date": "2017-02-14",
                "id": "5bcaf29917f213efbe4a7e1a",
                "purpose": "debt",
                "sum": "$305.00",
              },
              Object {
                "balance": "$3,071.68",
                "date": "2017-12-25",
                "id": "5bcaf2996a9454ad1c865f33",
                "purpose": "bill",
                "sum": "$982.00",
              },
              Object {
                "balance": "$3,499.39",
                "date": "2014-09-07",
                "id": "5bcaf29905897ba7f447fb0c",
                "purpose": "bill",
                "sum": "$783.00",
              },
              Object {
                "balance": "$3,639.54",
                "date": "2015-03-09",
                "id": "5bcaf299a05b328facbcf2cb",
                "purpose": "debt",
                "sum": "$398.00",
              },
              Object {
                "balance": "$1,226.20",
                "date": "2016-07-26",
                "id": "5bcaf2995c1725685032761c",
                "purpose": "bill",
                "sum": "$306.00",
              },
              Object {
                "balance": "$1,165.52",
                "date": "2015-06-01",
                "id": "5bcaf299d2b3fd1044966bc5",
                "purpose": "bill",
                "sum": "$287.00",
              },
              Object {
                "balance": "$2,675.76",
                "date": "2018-03-23",
                "id": "5bcaf29988c25078e3cb68c1",
                "purpose": "debt",
                "sum": "$733.00",
              },
              Object {
                "balance": "$1,610.47",
                "date": "2016-03-24",
                "id": "5bcaf2998ced3d8d17150c6c",
                "purpose": "bill",
                "sum": "$397.00",
              },
              Object {
                "balance": "$3,653.85",
                "date": "2017-07-25",
                "id": "5bcaf2999c138a0f0a637ec9",
                "purpose": "bill",
                "sum": "$534.00",
              },
              Object {
                "balance": "$1,406.75",
                "date": "2018-02-17",
                "id": "5bcaf29910fe8cea88630884",
                "purpose": "bill",
                "sum": "$280.00",
              },
              Object {
                "balance": "$3,428.17",
                "date": "2018-08-07",
                "id": "5bcaf299a1c73d48b87ede12",
                "purpose": "debt",
                "sum": "$945.00",
              },
              Object {
                "balance": "$3,317.42",
                "date": "2016-07-21",
                "id": "5bcaf299f1be1b1542cd2c3a",
                "purpose": "bill",
                "sum": "$691.00",
              },
              Object {
                "balance": "$2,726.09",
                "date": "2015-09-24",
                "id": "5bcaf299d1bcd559994d4ba1",
                "purpose": "bill",
                "sum": "$401.00",
              },
              Object {
                "balance": "$2,997.32",
                "date": "2017-05-17",
                "id": "5bcaf299b569196b20fb7312",
                "purpose": "debt",
                "sum": "$938.00",
              },
              Object {
                "balance": "$1,484.24",
                "date": "2016-09-15",
                "id": "5bcaf299383f0fb5159a9578",
                "purpose": "bill",
                "sum": "$517.00",
              },
              Object {
                "balance": "$3,832.85",
                "date": "2016-10-06",
                "id": "5bcaf299469910f7d3bc81f5",
                "purpose": "bill",
                "sum": "$252.00",
              },
              Object {
                "balance": "$2,099.81",
                "date": "2015-05-20",
                "id": "5bcaf299a3e6976ab5e0e8ff",
                "purpose": "debt",
                "sum": "$801.00",
              },
              Object {
                "balance": "$3,928.35",
                "date": "2015-10-21",
                "id": "5bcaf2992c0f1654418978a0",
                "purpose": "bill",
                "sum": "$142.00",
              },
              Object {
                "balance": "$1,125.24",
                "date": "2016-12-02",
                "id": "5bcaf2992a5c84119e83edd9",
                "purpose": "debt",
                "sum": "$319.00",
              },
              Object {
                "balance": "$3,138.73",
                "date": "2016-03-22",
                "id": "5bcaf299e7791c44bb40229c",
                "purpose": "bill",
                "sum": "$735.00",
              },
              Object {
                "balance": "$1,296.63",
                "date": "2014-12-19",
                "id": "5bcaf299e4b9934107b5c740",
                "purpose": "bill",
                "sum": "$285.00",
              },
              Object {
                "balance": "$3,467.85",
                "date": "2014-05-12",
                "id": "5bcaf29903f40ee6382a9386",
                "purpose": "bill",
                "sum": "$813.00",
              },
              Object {
                "balance": "$1,875.65",
                "date": "2017-06-27",
                "id": "5bcaf299a1ac245b8d52e16b",
                "purpose": "debt",
                "sum": "$511.00",
              },
              Object {
                "balance": "$3,147.36",
                "date": "2017-07-21",
                "id": "5bcaf299d114711ddc50279b",
                "purpose": "bill",
                "sum": "$986.00",
              },
              Object {
                "balance": "$3,964.27",
                "date": "2015-03-09",
                "id": "5bcaf299c135aa710a7f8740",
                "purpose": "bill",
                "sum": "$264.00",
              },
              Object {
                "balance": "$2,350.34",
                "date": "2018-07-18",
                "id": "5bcaf2996a06a70be282e33f",
                "purpose": "debt",
                "sum": "$519.00",
              },
              Object {
                "balance": "$3,701.11",
                "date": "2016-02-25",
                "id": "5bcaf299821ca19a46f3562c",
                "purpose": "bill",
                "sum": "$764.00",
              },
              Object {
                "balance": "$3,914.41",
                "date": "2017-04-12",
                "id": "5bcaf29903ec25dfcf68a541",
                "purpose": "debt",
                "sum": "$283.00",
              },
              Object {
                "balance": "$2,542.49",
                "date": "2018-07-14",
                "id": "5bcaf299b1f78d8aef7ea57f",
                "purpose": "bill",
                "sum": "$113.00",
              },
              Object {
                "balance": "$2,456.31",
                "date": "2016-08-19",
                "id": "5bcaf299ffb098da761f4232",
                "purpose": "bill",
                "sum": "$541.00",
              },
              Object {
                "balance": "$3,870.65",
                "date": "2014-08-30",
                "id": "5bcaf299f9f6d600458b3d94",
                "purpose": "bill",
                "sum": "$806.00",
              },
              Object {
                "balance": "$1,330.80",
                "date": "2015-01-12",
                "id": "5bcaf29934d0ddfb26d70dff",
                "purpose": "debt",
                "sum": "$711.00",
              },
              Object {
                "balance": "$3,522.65",
                "date": "2016-03-02",
                "id": "5bcaf29969705c339279a157",
                "purpose": "bill",
                "sum": "$365.00",
              },
              Object {
                "balance": "$2,727.29",
                "date": "2014-11-08",
                "id": "5bcaf299e75b068d43439093",
                "purpose": "bill",
                "sum": "$846.00",
              },
              Object {
                "balance": "$1,537.02",
                "date": "2018-05-24",
                "id": "5bcaf2991b8a0f8b6781bae9",
                "purpose": "bill",
                "sum": "$635.00",
              },
              Object {
                "balance": "$2,240.40",
                "date": "2017-01-18",
                "id": "5bcaf299c1affce2ab745ddf",
                "purpose": "debt",
                "sum": "$959.00",
              },
              Object {
                "balance": "$1,230.41",
                "date": "2018-04-09",
                "id": "5bcaf299cadfb3555e0a3dd9",
                "purpose": "debt",
                "sum": "$725.00",
              },
              Object {
                "balance": "$1,304.59",
                "date": "2017-01-10",
                "id": "5bcaf2996bb6aadad0db0c9d",
                "purpose": "debt",
                "sum": "$357.00",
              },
              Object {
                "balance": "$1,052.02",
                "date": "2016-07-09",
                "id": "5bcaf299f9b8010281184f08",
                "purpose": "debt",
                "sum": "$475.00",
              },
              Object {
                "balance": "$1,467.48",
                "date": "2017-11-16",
                "id": "5bcaf299b1aec2e7734acf27",
                "purpose": "bill",
                "sum": "$837.00",
              },
              Object {
                "balance": "$3,496.21",
                "date": "2015-03-23",
                "id": "5bcaf299ac3c3919ae1ceaea",
                "purpose": "bill",
                "sum": "$121.00",
              },
              Object {
                "balance": "$2,440.49",
                "date": "2017-06-19",
                "id": "5bcaf29975b8e7c943734250",
                "purpose": "debt",
                "sum": "$470.00",
              },
              Object {
                "balance": "$3,250.93",
                "date": "2015-02-03",
                "id": "5bcaf2991acb1c1b252e6cf9",
                "purpose": "debt",
                "sum": "$585.00",
              },
              Object {
                "balance": "$1,570.80",
                "date": "2017-04-17",
                "id": "5bcaf29972b393e419c3dfdb",
                "purpose": "debt",
                "sum": "$370.00",
              },
              Object {
                "balance": "$2,432.97",
                "date": "2016-03-26",
                "id": "5bcaf299d749eaa8eb876152",
                "purpose": "debt",
                "sum": "$535.00",
              },
            ]
          }
        />,
      ],
      "className": "App",
    },
    "ref": null,
    "rendered": Array [
      Object {
        "instance": null,
        "key": undefined,
        "nodeType": "class",
        "props": Object {
          "filters": Object {
            "endDate": null,
            "startDate": null,
          },
          "onSetEndDate": [Function],
          "onSetStartDate": [Function],
        },
        "ref": null,
        "rendered": null,
        "type": [Function],
      },
      Object {
        "instance": null,
        "key": undefined,
        "nodeType": "class",
        "props": Object {
          "payments": Array [
            Object {
              "balance": "$3,830.90",
              "date": "2018-09-28",
              "id": "5bcaf299081302b4b3edf7e0",
              "purpose": "bill",
              "sum": "$558.00",
            },
            Object {
              "balance": "$2,408.67",
              "date": "2017-11-30",
              "id": "5bcaf2995e06351ef89f4647",
              "purpose": "bill",
              "sum": "$866.00",
            },
            Object {
              "balance": "$1,953.59",
              "date": "2015-10-02",
              "id": "5bcaf29903fb5c14e9e50ab5",
              "purpose": "bill",
              "sum": "$938.00",
            },
            Object {
              "balance": "$1,681.36",
              "date": "2017-06-06",
              "id": "5bcaf29953bbec00afa91b65",
              "purpose": "bill",
              "sum": "$454.00",
            },
            Object {
              "balance": "$3,000.41",
              "date": "2018-08-24",
              "id": "5bcaf2991b8797ba0b36cda5",
              "purpose": "debt",
              "sum": "$280.00",
            },
            Object {
              "balance": "$3,344.79",
              "date": "2018-10-29",
              "id": "5bcaf299c691cd190c9a1eac",
              "purpose": "bill",
              "sum": "$510.00",
            },
            Object {
              "balance": "$2,670.31",
              "date": "2017-11-30",
              "id": "5bcaf2993bef3ac01e584b70",
              "purpose": "bill",
              "sum": "$242.00",
            },
            Object {
              "balance": "$2,845.42",
              "date": "2018-07-23",
              "id": "5bcaf299868ebbb3fa376822",
              "purpose": "debt",
              "sum": "$433.00",
            },
            Object {
              "balance": "$1,340.13",
              "date": "2018-03-04",
              "id": "5bcaf29986506804bf1f8379",
              "purpose": "debt",
              "sum": "$941.00",
            },
            Object {
              "balance": "$3,264.82",
              "date": "2017-09-15",
              "id": "5bcaf29948db6d1f8e0ea6ee",
              "purpose": "bill",
              "sum": "$918.00",
            },
            Object {
              "balance": "$2,714.13",
              "date": "2017-08-11",
              "id": "5bcaf299a5eed7e5279ad658",
              "purpose": "debt",
              "sum": "$431.00",
            },
            Object {
              "balance": "$2,191.46",
              "date": "2018-09-17",
              "id": "5bcaf299e104da4a37318858",
              "purpose": "debt",
              "sum": "$977.00",
            },
            Object {
              "balance": "$3,612.70",
              "date": "2018-04-01",
              "id": "5bcaf299fd1691a0ed74d3c6",
              "purpose": "debt",
              "sum": "$304.00",
            },
            Object {
              "balance": "$3,311.94",
              "date": "2015-02-23",
              "id": "5bcaf2999370cacfb00024f1",
              "purpose": "debt",
              "sum": "$895.00",
            },
            Object {
              "balance": "$2,661.82",
              "date": "2018-09-29",
              "id": "5bcaf2996126b9e6a1004b64",
              "purpose": "debt",
              "sum": "$361.00",
            },
            Object {
              "balance": "$2,397.50",
              "date": "2016-04-22",
              "id": "5bcaf2993e4fb402d69e64e2",
              "purpose": "bill",
              "sum": "$475.00",
            },
            Object {
              "balance": "$2,848.27",
              "date": "2016-03-10",
              "id": "5bcaf2994a7945c85f65b55e",
              "purpose": "debt",
              "sum": "$798.00",
            },
            Object {
              "balance": "$3,197.04",
              "date": "2016-12-05",
              "id": "5bcaf299c2072e1873d1b99c",
              "purpose": "bill",
              "sum": "$704.00",
            },
            Object {
              "balance": "$3,511.01",
              "date": "2017-09-18",
              "id": "5bcaf299aa936adf25e1a39c",
              "purpose": "bill",
              "sum": "$954.00",
            },
            Object {
              "balance": "$3,304.55",
              "date": "2017-12-11",
              "id": "5bcaf299378179dd78670d6c",
              "purpose": "debt",
              "sum": "$207.00",
            },
            Object {
              "balance": "$1,768.56",
              "date": "2018-10-09",
              "id": "5bcaf299547b092f17533469",
              "purpose": "bill",
              "sum": "$545.00",
            },
            Object {
              "balance": "$1,321.60",
              "date": "2018-04-10",
              "id": "5bcaf299e1e2e1b6fa96d7d2",
              "purpose": "debt",
              "sum": "$804.00",
            },
            Object {
              "balance": "$1,396.30",
              "date": "2018-08-02",
              "id": "5bcaf2995be3bfad480a65f9",
              "purpose": "bill",
              "sum": "$680.00",
            },
            Object {
              "balance": "$3,194.47",
              "date": "2016-06-12",
              "id": "5bcaf299ebde6e4f32e9ec23",
              "purpose": "debt",
              "sum": "$791.00",
            },
            Object {
              "balance": "$2,572.38",
              "date": "2016-03-05",
              "id": "5bcaf29926a9a7376c1d850b",
              "purpose": "bill",
              "sum": "$145.00",
            },
            Object {
              "balance": "$3,694.97",
              "date": "2014-12-30",
              "id": "5bcaf2995cf632654385d6d4",
              "purpose": "bill",
              "sum": "$428.00",
            },
            Object {
              "balance": "$2,447.56",
              "date": "2017-04-10",
              "id": "5bcaf299245799c8c39baf9b",
              "purpose": "debt",
              "sum": "$171.00",
            },
            Object {
              "balance": "$2,303.50",
              "date": "2018-10-21",
              "id": "5bcaf2991607676ac04751e0",
              "purpose": "debt",
              "sum": "$818.00",
            },
            Object {
              "balance": "$3,664.57",
              "date": "2017-10-04",
              "id": "5bcaf2995ddfe7fdc18ff139",
              "purpose": "bill",
              "sum": "$987.00",
            },
            Object {
              "balance": "$1,990.31",
              "date": "2014-07-04",
              "id": "5bcaf29915566389cee4fb18",
              "purpose": "debt",
              "sum": "$955.00",
            },
            Object {
              "balance": "$1,801.15",
              "date": "2016-07-02",
              "id": "5bcaf299a7aabccc1b29d069",
              "purpose": "bill",
              "sum": "$791.00",
            },
            Object {
              "balance": "$1,374.29",
              "date": "2017-07-07",
              "id": "5bcaf2998ba7a61975fe9cb0",
              "purpose": "debt",
              "sum": "$590.00",
            },
            Object {
              "balance": "$3,675.73",
              "date": "2017-12-07",
              "id": "5bcaf299b4a830c5681c5093",
              "purpose": "bill",
              "sum": "$230.00",
            },
            Object {
              "balance": "$2,378.23",
              "date": "2015-10-25",
              "id": "5bcaf299d34a64756170695e",
              "purpose": "bill",
              "sum": "$168.00",
            },
            Object {
              "balance": "$2,721.22",
              "date": "2014-08-10",
              "id": "5bcaf29942bf601e9270998c",
              "purpose": "debt",
              "sum": "$226.00",
            },
            Object {
              "balance": "$1,553.64",
              "date": "2015-12-08",
              "id": "5bcaf2993512fc952a96487c",
              "purpose": "debt",
              "sum": "$344.00",
            },
            Object {
              "balance": "$1,644.40",
              "date": "2017-10-19",
              "id": "5bcaf2993bab2154da464bba",
              "purpose": "debt",
              "sum": "$176.00",
            },
            Object {
              "balance": "$2,766.67",
              "date": "2014-01-08",
              "id": "5bcaf29951094869eb09bbca",
              "purpose": "bill",
              "sum": "$665.00",
            },
            Object {
              "balance": "$1,654.32",
              "date": "2018-08-17",
              "id": "5bcaf2991084d8a4ff28af25",
              "purpose": "bill",
              "sum": "$350.00",
            },
            Object {
              "balance": "$3,968.68",
              "date": "2017-04-20",
              "id": "5bcaf29997eade264e44fd15",
              "purpose": "bill",
              "sum": "$512.00",
            },
            Object {
              "balance": "$1,165.31",
              "date": "2016-06-07",
              "id": "5bcaf29916783fb2cccee18f",
              "purpose": "bill",
              "sum": "$424.00",
            },
            Object {
              "balance": "$1,721.10",
              "date": "2017-12-16",
              "id": "5bcaf299f50b5924f015c7c9",
              "purpose": "debt",
              "sum": "$717.00",
            },
            Object {
              "balance": "$3,387.97",
              "date": "2015-11-26",
              "id": "5bcaf29993e3c5e871c41e78",
              "purpose": "bill",
              "sum": "$171.00",
            },
            Object {
              "balance": "$2,129.62",
              "date": "2018-09-01",
              "id": "5bcaf299131c0e220ce7c007",
              "purpose": "debt",
              "sum": "$338.00",
            },
            Object {
              "balance": "$3,735.50",
              "date": "2016-11-17",
              "id": "5bcaf2995e23e655b5258a73",
              "purpose": "bill",
              "sum": "$136.00",
            },
            Object {
              "balance": "$2,891.80",
              "date": "2014-12-18",
              "id": "5bcaf299ac3c3481ee162398",
              "purpose": "bill",
              "sum": "$927.00",
            },
            Object {
              "balance": "$2,395.89",
              "date": "2014-12-27",
              "id": "5bcaf299a11e2f70d1af3347",
              "purpose": "debt",
              "sum": "$862.00",
            },
            Object {
              "balance": "$3,105.62",
              "date": "2018-04-23",
              "id": "5bcaf299edc7252da334e70e",
              "purpose": "bill",
              "sum": "$398.00",
            },
            Object {
              "balance": "$3,483.62",
              "date": "2014-06-09",
              "id": "5bcaf2992089d57550a1baf5",
              "purpose": "bill",
              "sum": "$207.00",
            },
            Object {
              "balance": "$3,793.09",
              "date": "2015-04-10",
              "id": "5bcaf299069d8fe39b5ac25a",
              "purpose": "debt",
              "sum": "$162.00",
            },
            Object {
              "balance": "$3,819.35",
              "date": "2017-09-28",
              "id": "5bcaf2991e8b8b14cf0a1aa1",
              "purpose": "bill",
              "sum": "$917.00",
            },
            Object {
              "balance": "$3,640.90",
              "date": "2017-08-06",
              "id": "5bcaf29912f33e8d1a7bf892",
              "purpose": "bill",
              "sum": "$615.00",
            },
            Object {
              "balance": "$1,224.50",
              "date": "2017-05-10",
              "id": "5bcaf299e0b29001ca6e9175",
              "purpose": "bill",
              "sum": "$185.00",
            },
            Object {
              "balance": "$3,310.24",
              "date": "2015-06-28",
              "id": "5bcaf29953e3135487d847bd",
              "purpose": "debt",
              "sum": "$142.00",
            },
            Object {
              "balance": "$1,045.86",
              "date": "2016-08-11",
              "id": "5bcaf299a5eccc999981a05f",
              "purpose": "bill",
              "sum": "$129.00",
            },
            Object {
              "balance": "$1,999.61",
              "date": "2017-02-14",
              "id": "5bcaf29917f213efbe4a7e1a",
              "purpose": "debt",
              "sum": "$305.00",
            },
            Object {
              "balance": "$3,071.68",
              "date": "2017-12-25",
              "id": "5bcaf2996a9454ad1c865f33",
              "purpose": "bill",
              "sum": "$982.00",
            },
            Object {
              "balance": "$3,499.39",
              "date": "2014-09-07",
              "id": "5bcaf29905897ba7f447fb0c",
              "purpose": "bill",
              "sum": "$783.00",
            },
            Object {
              "balance": "$3,639.54",
              "date": "2015-03-09",
              "id": "5bcaf299a05b328facbcf2cb",
              "purpose": "debt",
              "sum": "$398.00",
            },
            Object {
              "balance": "$1,226.20",
              "date": "2016-07-26",
              "id": "5bcaf2995c1725685032761c",
              "purpose": "bill",
              "sum": "$306.00",
            },
            Object {
              "balance": "$1,165.52",
              "date": "2015-06-01",
              "id": "5bcaf299d2b3fd1044966bc5",
              "purpose": "bill",
              "sum": "$287.00",
            },
            Object {
              "balance": "$2,675.76",
              "date": "2018-03-23",
              "id": "5bcaf29988c25078e3cb68c1",
              "purpose": "debt",
              "sum": "$733.00",
            },
            Object {
              "balance": "$1,610.47",
              "date": "2016-03-24",
              "id": "5bcaf2998ced3d8d17150c6c",
              "purpose": "bill",
              "sum": "$397.00",
            },
            Object {
              "balance": "$3,653.85",
              "date": "2017-07-25",
              "id": "5bcaf2999c138a0f0a637ec9",
              "purpose": "bill",
              "sum": "$534.00",
            },
            Object {
              "balance": "$1,406.75",
              "date": "2018-02-17",
              "id": "5bcaf29910fe8cea88630884",
              "purpose": "bill",
              "sum": "$280.00",
            },
            Object {
              "balance": "$3,428.17",
              "date": "2018-08-07",
              "id": "5bcaf299a1c73d48b87ede12",
              "purpose": "debt",
              "sum": "$945.00",
            },
            Object {
              "balance": "$3,317.42",
              "date": "2016-07-21",
              "id": "5bcaf299f1be1b1542cd2c3a",
              "purpose": "bill",
              "sum": "$691.00",
            },
            Object {
              "balance": "$2,726.09",
              "date": "2015-09-24",
              "id": "5bcaf299d1bcd559994d4ba1",
              "purpose": "bill",
              "sum": "$401.00",
            },
            Object {
              "balance": "$2,997.32",
              "date": "2017-05-17",
              "id": "5bcaf299b569196b20fb7312",
              "purpose": "debt",
              "sum": "$938.00",
            },
            Object {
              "balance": "$1,484.24",
              "date": "2016-09-15",
              "id": "5bcaf299383f0fb5159a9578",
              "purpose": "bill",
              "sum": "$517.00",
            },
            Object {
              "balance": "$3,832.85",
              "date": "2016-10-06",
              "id": "5bcaf299469910f7d3bc81f5",
              "purpose": "bill",
              "sum": "$252.00",
            },
            Object {
              "balance": "$2,099.81",
              "date": "2015-05-20",
              "id": "5bcaf299a3e6976ab5e0e8ff",
              "purpose": "debt",
              "sum": "$801.00",
            },
            Object {
              "balance": "$3,928.35",
              "date": "2015-10-21",
              "id": "5bcaf2992c0f1654418978a0",
              "purpose": "bill",
              "sum": "$142.00",
            },
            Object {
              "balance": "$1,125.24",
              "date": "2016-12-02",
              "id": "5bcaf2992a5c84119e83edd9",
              "purpose": "debt",
              "sum": "$319.00",
            },
            Object {
              "balance": "$3,138.73",
              "date": "2016-03-22",
              "id": "5bcaf299e7791c44bb40229c",
              "purpose": "bill",
              "sum": "$735.00",
            },
            Object {
              "balance": "$1,296.63",
              "date": "2014-12-19",
              "id": "5bcaf299e4b9934107b5c740",
              "purpose": "bill",
              "sum": "$285.00",
            },
            Object {
              "balance": "$3,467.85",
              "date": "2014-05-12",
              "id": "5bcaf29903f40ee6382a9386",
              "purpose": "bill",
              "sum": "$813.00",
            },
            Object {
              "balance": "$1,875.65",
              "date": "2017-06-27",
              "id": "5bcaf299a1ac245b8d52e16b",
              "purpose": "debt",
              "sum": "$511.00",
            },
            Object {
              "balance": "$3,147.36",
              "date": "2017-07-21",
              "id": "5bcaf299d114711ddc50279b",
              "purpose": "bill",
              "sum": "$986.00",
            },
            Object {
              "balance": "$3,964.27",
              "date": "2015-03-09",
              "id": "5bcaf299c135aa710a7f8740",
              "purpose": "bill",
              "sum": "$264.00",
            },
            Object {
              "balance": "$2,350.34",
              "date": "2018-07-18",
              "id": "5bcaf2996a06a70be282e33f",
              "purpose": "debt",
              "sum": "$519.00",
            },
            Object {
              "balance": "$3,701.11",
              "date": "2016-02-25",
              "id": "5bcaf299821ca19a46f3562c",
              "purpose": "bill",
              "sum": "$764.00",
            },
            Object {
              "balance": "$3,914.41",
              "date": "2017-04-12",
              "id": "5bcaf29903ec25dfcf68a541",
              "purpose": "debt",
              "sum": "$283.00",
            },
            Object {
              "balance": "$2,542.49",
              "date": "2018-07-14",
              "id": "5bcaf299b1f78d8aef7ea57f",
              "purpose": "bill",
              "sum": "$113.00",
            },
            Object {
              "balance": "$2,456.31",
              "date": "2016-08-19",
              "id": "5bcaf299ffb098da761f4232",
              "purpose": "bill",
              "sum": "$541.00",
            },
            Object {
              "balance": "$3,870.65",
              "date": "2014-08-30",
              "id": "5bcaf299f9f6d600458b3d94",
              "purpose": "bill",
              "sum": "$806.00",
            },
            Object {
              "balance": "$1,330.80",
              "date": "2015-01-12",
              "id": "5bcaf29934d0ddfb26d70dff",
              "purpose": "debt",
              "sum": "$711.00",
            },
            Object {
              "balance": "$3,522.65",
              "date": "2016-03-02",
              "id": "5bcaf29969705c339279a157",
              "purpose": "bill",
              "sum": "$365.00",
            },
            Object {
              "balance": "$2,727.29",
              "date": "2014-11-08",
              "id": "5bcaf299e75b068d43439093",
              "purpose": "bill",
              "sum": "$846.00",
            },
            Object {
              "balance": "$1,537.02",
              "date": "2018-05-24",
              "id": "5bcaf2991b8a0f8b6781bae9",
              "purpose": "bill",
              "sum": "$635.00",
            },
            Object {
              "balance": "$2,240.40",
              "date": "2017-01-18",
              "id": "5bcaf299c1affce2ab745ddf",
              "purpose": "debt",
              "sum": "$959.00",
            },
            Object {
              "balance": "$1,230.41",
              "date": "2018-04-09",
              "id": "5bcaf299cadfb3555e0a3dd9",
              "purpose": "debt",
              "sum": "$725.00",
            },
            Object {
              "balance": "$1,304.59",
              "date": "2017-01-10",
              "id": "5bcaf2996bb6aadad0db0c9d",
              "purpose": "debt",
              "sum": "$357.00",
            },
            Object {
              "balance": "$1,052.02",
              "date": "2016-07-09",
              "id": "5bcaf299f9b8010281184f08",
              "purpose": "debt",
              "sum": "$475.00",
            },
            Object {
              "balance": "$1,467.48",
              "date": "2017-11-16",
              "id": "5bcaf299b1aec2e7734acf27",
              "purpose": "bill",
              "sum": "$837.00",
            },
            Object {
              "balance": "$3,496.21",
              "date": "2015-03-23",
              "id": "5bcaf299ac3c3919ae1ceaea",
              "purpose": "bill",
              "sum": "$121.00",
            },
            Object {
              "balance": "$2,440.49",
              "date": "2017-06-19",
              "id": "5bcaf29975b8e7c943734250",
              "purpose": "debt",
              "sum": "$470.00",
            },
            Object {
              "balance": "$3,250.93",
              "date": "2015-02-03",
              "id": "5bcaf2991acb1c1b252e6cf9",
              "purpose": "debt",
              "sum": "$585.00",
            },
            Object {
              "balance": "$1,570.80",
              "date": "2017-04-17",
              "id": "5bcaf29972b393e419c3dfdb",
              "purpose": "debt",
              "sum": "$370.00",
            },
            Object {
              "balance": "$2,432.97",
              "date": "2016-03-26",
              "id": "5bcaf299d749eaa8eb876152",
              "purpose": "debt",
              "sum": "$535.00",
            },
          ],
        },
        "ref": null,
        "rendered": null,
        "type": [Function],
      },
    ],
    "type": "div",
  },
  Symbol(enzyme.__nodes__): Array [
    Object {
      "instance": null,
      "key": undefined,
      "nodeType": "host",
      "props": Object {
        "children": Array [
          <DatePicker
            filters={
              Object {
                "endDate": null,
                "startDate": null,
              }
            }
            onSetEndDate={[Function]}
            onSetStartDate={[Function]}
          />,
          <WithStyles(PaymentTable)
            payments={
              Array [
                Object {
                  "balance": "$3,830.90",
                  "date": "2018-09-28",
                  "id": "5bcaf299081302b4b3edf7e0",
                  "purpose": "bill",
                  "sum": "$558.00",
                },
                Object {
                  "balance": "$2,408.67",
                  "date": "2017-11-30",
                  "id": "5bcaf2995e06351ef89f4647",
                  "purpose": "bill",
                  "sum": "$866.00",
                },
                Object {
                  "balance": "$1,953.59",
                  "date": "2015-10-02",
                  "id": "5bcaf29903fb5c14e9e50ab5",
                  "purpose": "bill",
                  "sum": "$938.00",
                },
                Object {
                  "balance": "$1,681.36",
                  "date": "2017-06-06",
                  "id": "5bcaf29953bbec00afa91b65",
                  "purpose": "bill",
                  "sum": "$454.00",
                },
                Object {
                  "balance": "$3,000.41",
                  "date": "2018-08-24",
                  "id": "5bcaf2991b8797ba0b36cda5",
                  "purpose": "debt",
                  "sum": "$280.00",
                },
                Object {
                  "balance": "$3,344.79",
                  "date": "2018-10-29",
                  "id": "5bcaf299c691cd190c9a1eac",
                  "purpose": "bill",
                  "sum": "$510.00",
                },
                Object {
                  "balance": "$2,670.31",
                  "date": "2017-11-30",
                  "id": "5bcaf2993bef3ac01e584b70",
                  "purpose": "bill",
                  "sum": "$242.00",
                },
                Object {
                  "balance": "$2,845.42",
                  "date": "2018-07-23",
                  "id": "5bcaf299868ebbb3fa376822",
                  "purpose": "debt",
                  "sum": "$433.00",
                },
                Object {
                  "balance": "$1,340.13",
                  "date": "2018-03-04",
                  "id": "5bcaf29986506804bf1f8379",
                  "purpose": "debt",
                  "sum": "$941.00",
                },
                Object {
                  "balance": "$3,264.82",
                  "date": "2017-09-15",
                  "id": "5bcaf29948db6d1f8e0ea6ee",
                  "purpose": "bill",
                  "sum": "$918.00",
                },
                Object {
                  "balance": "$2,714.13",
                  "date": "2017-08-11",
                  "id": "5bcaf299a5eed7e5279ad658",
                  "purpose": "debt",
                  "sum": "$431.00",
                },
                Object {
                  "balance": "$2,191.46",
                  "date": "2018-09-17",
                  "id": "5bcaf299e104da4a37318858",
                  "purpose": "debt",
                  "sum": "$977.00",
                },
                Object {
                  "balance": "$3,612.70",
                  "date": "2018-04-01",
                  "id": "5bcaf299fd1691a0ed74d3c6",
                  "purpose": "debt",
                  "sum": "$304.00",
                },
                Object {
                  "balance": "$3,311.94",
                  "date": "2015-02-23",
                  "id": "5bcaf2999370cacfb00024f1",
                  "purpose": "debt",
                  "sum": "$895.00",
                },
                Object {
                  "balance": "$2,661.82",
                  "date": "2018-09-29",
                  "id": "5bcaf2996126b9e6a1004b64",
                  "purpose": "debt",
                  "sum": "$361.00",
                },
                Object {
                  "balance": "$2,397.50",
                  "date": "2016-04-22",
                  "id": "5bcaf2993e4fb402d69e64e2",
                  "purpose": "bill",
                  "sum": "$475.00",
                },
                Object {
                  "balance": "$2,848.27",
                  "date": "2016-03-10",
                  "id": "5bcaf2994a7945c85f65b55e",
                  "purpose": "debt",
                  "sum": "$798.00",
                },
                Object {
                  "balance": "$3,197.04",
                  "date": "2016-12-05",
                  "id": "5bcaf299c2072e1873d1b99c",
                  "purpose": "bill",
                  "sum": "$704.00",
                },
                Object {
                  "balance": "$3,511.01",
                  "date": "2017-09-18",
                  "id": "5bcaf299aa936adf25e1a39c",
                  "purpose": "bill",
                  "sum": "$954.00",
                },
                Object {
                  "balance": "$3,304.55",
                  "date": "2017-12-11",
                  "id": "5bcaf299378179dd78670d6c",
                  "purpose": "debt",
                  "sum": "$207.00",
                },
                Object {
                  "balance": "$1,768.56",
                  "date": "2018-10-09",
                  "id": "5bcaf299547b092f17533469",
                  "purpose": "bill",
                  "sum": "$545.00",
                },
                Object {
                  "balance": "$1,321.60",
                  "date": "2018-04-10",
                  "id": "5bcaf299e1e2e1b6fa96d7d2",
                  "purpose": "debt",
                  "sum": "$804.00",
                },
                Object {
                  "balance": "$1,396.30",
                  "date": "2018-08-02",
                  "id": "5bcaf2995be3bfad480a65f9",
                  "purpose": "bill",
                  "sum": "$680.00",
                },
                Object {
                  "balance": "$3,194.47",
                  "date": "2016-06-12",
                  "id": "5bcaf299ebde6e4f32e9ec23",
                  "purpose": "debt",
                  "sum": "$791.00",
                },
                Object {
                  "balance": "$2,572.38",
                  "date": "2016-03-05",
                  "id": "5bcaf29926a9a7376c1d850b",
                  "purpose": "bill",
                  "sum": "$145.00",
                },
                Object {
                  "balance": "$3,694.97",
                  "date": "2014-12-30",
                  "id": "5bcaf2995cf632654385d6d4",
                  "purpose": "bill",
                  "sum": "$428.00",
                },
                Object {
                  "balance": "$2,447.56",
                  "date": "2017-04-10",
                  "id": "5bcaf299245799c8c39baf9b",
                  "purpose": "debt",
                  "sum": "$171.00",
                },
                Object {
                  "balance": "$2,303.50",
                  "date": "2018-10-21",
                  "id": "5bcaf2991607676ac04751e0",
                  "purpose": "debt",
                  "sum": "$818.00",
                },
                Object {
                  "balance": "$3,664.57",
                  "date": "2017-10-04",
                  "id": "5bcaf2995ddfe7fdc18ff139",
                  "purpose": "bill",
                  "sum": "$987.00",
                },
                Object {
                  "balance": "$1,990.31",
                  "date": "2014-07-04",
                  "id": "5bcaf29915566389cee4fb18",
                  "purpose": "debt",
                  "sum": "$955.00",
                },
                Object {
                  "balance": "$1,801.15",
                  "date": "2016-07-02",
                  "id": "5bcaf299a7aabccc1b29d069",
                  "purpose": "bill",
                  "sum": "$791.00",
                },
                Object {
                  "balance": "$1,374.29",
                  "date": "2017-07-07",
                  "id": "5bcaf2998ba7a61975fe9cb0",
                  "purpose": "debt",
                  "sum": "$590.00",
                },
                Object {
                  "balance": "$3,675.73",
                  "date": "2017-12-07",
                  "id": "5bcaf299b4a830c5681c5093",
                  "purpose": "bill",
                  "sum": "$230.00",
                },
                Object {
                  "balance": "$2,378.23",
                  "date": "2015-10-25",
                  "id": "5bcaf299d34a64756170695e",
                  "purpose": "bill",
                  "sum": "$168.00",
                },
                Object {
                  "balance": "$2,721.22",
                  "date": "2014-08-10",
                  "id": "5bcaf29942bf601e9270998c",
                  "purpose": "debt",
                  "sum": "$226.00",
                },
                Object {
                  "balance": "$1,553.64",
                  "date": "2015-12-08",
                  "id": "5bcaf2993512fc952a96487c",
                  "purpose": "debt",
                  "sum": "$344.00",
                },
                Object {
                  "balance": "$1,644.40",
                  "date": "2017-10-19",
                  "id": "5bcaf2993bab2154da464bba",
                  "purpose": "debt",
                  "sum": "$176.00",
                },
                Object {
                  "balance": "$2,766.67",
                  "date": "2014-01-08",
                  "id": "5bcaf29951094869eb09bbca",
                  "purpose": "bill",
                  "sum": "$665.00",
                },
                Object {
                  "balance": "$1,654.32",
                  "date": "2018-08-17",
                  "id": "5bcaf2991084d8a4ff28af25",
                  "purpose": "bill",
                  "sum": "$350.00",
                },
                Object {
                  "balance": "$3,968.68",
                  "date": "2017-04-20",
                  "id": "5bcaf29997eade264e44fd15",
                  "purpose": "bill",
                  "sum": "$512.00",
                },
                Object {
                  "balance": "$1,165.31",
                  "date": "2016-06-07",
                  "id": "5bcaf29916783fb2cccee18f",
                  "purpose": "bill",
                  "sum": "$424.00",
                },
                Object {
                  "balance": "$1,721.10",
                  "date": "2017-12-16",
                  "id": "5bcaf299f50b5924f015c7c9",
                  "purpose": "debt",
                  "sum": "$717.00",
                },
                Object {
                  "balance": "$3,387.97",
                  "date": "2015-11-26",
                  "id": "5bcaf29993e3c5e871c41e78",
                  "purpose": "bill",
                  "sum": "$171.00",
                },
                Object {
                  "balance": "$2,129.62",
                  "date": "2018-09-01",
                  "id": "5bcaf299131c0e220ce7c007",
                  "purpose": "debt",
                  "sum": "$338.00",
                },
                Object {
                  "balance": "$3,735.50",
                  "date": "2016-11-17",
                  "id": "5bcaf2995e23e655b5258a73",
                  "purpose": "bill",
                  "sum": "$136.00",
                },
                Object {
                  "balance": "$2,891.80",
                  "date": "2014-12-18",
                  "id": "5bcaf299ac3c3481ee162398",
                  "purpose": "bill",
                  "sum": "$927.00",
                },
                Object {
                  "balance": "$2,395.89",
                  "date": "2014-12-27",
                  "id": "5bcaf299a11e2f70d1af3347",
                  "purpose": "debt",
                  "sum": "$862.00",
                },
                Object {
                  "balance": "$3,105.62",
                  "date": "2018-04-23",
                  "id": "5bcaf299edc7252da334e70e",
                  "purpose": "bill",
                  "sum": "$398.00",
                },
                Object {
                  "balance": "$3,483.62",
                  "date": "2014-06-09",
                  "id": "5bcaf2992089d57550a1baf5",
                  "purpose": "bill",
                  "sum": "$207.00",
                },
                Object {
                  "balance": "$3,793.09",
                  "date": "2015-04-10",
                  "id": "5bcaf299069d8fe39b5ac25a",
                  "purpose": "debt",
                  "sum": "$162.00",
                },
                Object {
                  "balance": "$3,819.35",
                  "date": "2017-09-28",
                  "id": "5bcaf2991e8b8b14cf0a1aa1",
                  "purpose": "bill",
                  "sum": "$917.00",
                },
                Object {
                  "balance": "$3,640.90",
                  "date": "2017-08-06",
                  "id": "5bcaf29912f33e8d1a7bf892",
                  "purpose": "bill",
                  "sum": "$615.00",
                },
                Object {
                  "balance": "$1,224.50",
                  "date": "2017-05-10",
                  "id": "5bcaf299e0b29001ca6e9175",
                  "purpose": "bill",
                  "sum": "$185.00",
                },
                Object {
                  "balance": "$3,310.24",
                  "date": "2015-06-28",
                  "id": "5bcaf29953e3135487d847bd",
                  "purpose": "debt",
                  "sum": "$142.00",
                },
                Object {
                  "balance": "$1,045.86",
                  "date": "2016-08-11",
                  "id": "5bcaf299a5eccc999981a05f",
                  "purpose": "bill",
                  "sum": "$129.00",
                },
                Object {
                  "balance": "$1,999.61",
                  "date": "2017-02-14",
                  "id": "5bcaf29917f213efbe4a7e1a",
                  "purpose": "debt",
                  "sum": "$305.00",
                },
                Object {
                  "balance": "$3,071.68",
                  "date": "2017-12-25",
                  "id": "5bcaf2996a9454ad1c865f33",
                  "purpose": "bill",
                  "sum": "$982.00",
                },
                Object {
                  "balance": "$3,499.39",
                  "date": "2014-09-07",
                  "id": "5bcaf29905897ba7f447fb0c",
                  "purpose": "bill",
                  "sum": "$783.00",
                },
                Object {
                  "balance": "$3,639.54",
                  "date": "2015-03-09",
                  "id": "5bcaf299a05b328facbcf2cb",
                  "purpose": "debt",
                  "sum": "$398.00",
                },
                Object {
                  "balance": "$1,226.20",
                  "date": "2016-07-26",
                  "id": "5bcaf2995c1725685032761c",
                  "purpose": "bill",
                  "sum": "$306.00",
                },
                Object {
                  "balance": "$1,165.52",
                  "date": "2015-06-01",
                  "id": "5bcaf299d2b3fd1044966bc5",
                  "purpose": "bill",
                  "sum": "$287.00",
                },
                Object {
                  "balance": "$2,675.76",
                  "date": "2018-03-23",
                  "id": "5bcaf29988c25078e3cb68c1",
                  "purpose": "debt",
                  "sum": "$733.00",
                },
                Object {
                  "balance": "$1,610.47",
                  "date": "2016-03-24",
                  "id": "5bcaf2998ced3d8d17150c6c",
                  "purpose": "bill",
                  "sum": "$397.00",
                },
                Object {
                  "balance": "$3,653.85",
                  "date": "2017-07-25",
                  "id": "5bcaf2999c138a0f0a637ec9",
                  "purpose": "bill",
                  "sum": "$534.00",
                },
                Object {
                  "balance": "$1,406.75",
                  "date": "2018-02-17",
                  "id": "5bcaf29910fe8cea88630884",
                  "purpose": "bill",
                  "sum": "$280.00",
                },
                Object {
                  "balance": "$3,428.17",
                  "date": "2018-08-07",
                  "id": "5bcaf299a1c73d48b87ede12",
                  "purpose": "debt",
                  "sum": "$945.00",
                },
                Object {
                  "balance": "$3,317.42",
                  "date": "2016-07-21",
                  "id": "5bcaf299f1be1b1542cd2c3a",
                  "purpose": "bill",
                  "sum": "$691.00",
                },
                Object {
                  "balance": "$2,726.09",
                  "date": "2015-09-24",
                  "id": "5bcaf299d1bcd559994d4ba1",
                  "purpose": "bill",
                  "sum": "$401.00",
                },
                Object {
                  "balance": "$2,997.32",
                  "date": "2017-05-17",
                  "id": "5bcaf299b569196b20fb7312",
                  "purpose": "debt",
                  "sum": "$938.00",
                },
                Object {
                  "balance": "$1,484.24",
                  "date": "2016-09-15",
                  "id": "5bcaf299383f0fb5159a9578",
                  "purpose": "bill",
                  "sum": "$517.00",
                },
                Object {
                  "balance": "$3,832.85",
                  "date": "2016-10-06",
                  "id": "5bcaf299469910f7d3bc81f5",
                  "purpose": "bill",
                  "sum": "$252.00",
                },
                Object {
                  "balance": "$2,099.81",
                  "date": "2015-05-20",
                  "id": "5bcaf299a3e6976ab5e0e8ff",
                  "purpose": "debt",
                  "sum": "$801.00",
                },
                Object {
                  "balance": "$3,928.35",
                  "date": "2015-10-21",
                  "id": "5bcaf2992c0f1654418978a0",
                  "purpose": "bill",
                  "sum": "$142.00",
                },
                Object {
                  "balance": "$1,125.24",
                  "date": "2016-12-02",
                  "id": "5bcaf2992a5c84119e83edd9",
                  "purpose": "debt",
                  "sum": "$319.00",
                },
                Object {
                  "balance": "$3,138.73",
                  "date": "2016-03-22",
                  "id": "5bcaf299e7791c44bb40229c",
                  "purpose": "bill",
                  "sum": "$735.00",
                },
                Object {
                  "balance": "$1,296.63",
                  "date": "2014-12-19",
                  "id": "5bcaf299e4b9934107b5c740",
                  "purpose": "bill",
                  "sum": "$285.00",
                },
                Object {
                  "balance": "$3,467.85",
                  "date": "2014-05-12",
                  "id": "5bcaf29903f40ee6382a9386",
                  "purpose": "bill",
                  "sum": "$813.00",
                },
                Object {
                  "balance": "$1,875.65",
                  "date": "2017-06-27",
                  "id": "5bcaf299a1ac245b8d52e16b",
                  "purpose": "debt",
                  "sum": "$511.00",
                },
                Object {
                  "balance": "$3,147.36",
                  "date": "2017-07-21",
                  "id": "5bcaf299d114711ddc50279b",
                  "purpose": "bill",
                  "sum": "$986.00",
                },
                Object {
                  "balance": "$3,964.27",
                  "date": "2015-03-09",
                  "id": "5bcaf299c135aa710a7f8740",
                  "purpose": "bill",
                  "sum": "$264.00",
                },
                Object {
                  "balance": "$2,350.34",
                  "date": "2018-07-18",
                  "id": "5bcaf2996a06a70be282e33f",
                  "purpose": "debt",
                  "sum": "$519.00",
                },
                Object {
                  "balance": "$3,701.11",
                  "date": "2016-02-25",
                  "id": "5bcaf299821ca19a46f3562c",
                  "purpose": "bill",
                  "sum": "$764.00",
                },
                Object {
                  "balance": "$3,914.41",
                  "date": "2017-04-12",
                  "id": "5bcaf29903ec25dfcf68a541",
                  "purpose": "debt",
                  "sum": "$283.00",
                },
                Object {
                  "balance": "$2,542.49",
                  "date": "2018-07-14",
                  "id": "5bcaf299b1f78d8aef7ea57f",
                  "purpose": "bill",
                  "sum": "$113.00",
                },
                Object {
                  "balance": "$2,456.31",
                  "date": "2016-08-19",
                  "id": "5bcaf299ffb098da761f4232",
                  "purpose": "bill",
                  "sum": "$541.00",
                },
                Object {
                  "balance": "$3,870.65",
                  "date": "2014-08-30",
                  "id": "5bcaf299f9f6d600458b3d94",
                  "purpose": "bill",
                  "sum": "$806.00",
                },
                Object {
                  "balance": "$1,330.80",
                  "date": "2015-01-12",
                  "id": "5bcaf29934d0ddfb26d70dff",
                  "purpose": "debt",
                  "sum": "$711.00",
                },
                Object {
                  "balance": "$3,522.65",
                  "date": "2016-03-02",
                  "id": "5bcaf29969705c339279a157",
                  "purpose": "bill",
                  "sum": "$365.00",
                },
                Object {
                  "balance": "$2,727.29",
                  "date": "2014-11-08",
                  "id": "5bcaf299e75b068d43439093",
                  "purpose": "bill",
                  "sum": "$846.00",
                },
                Object {
                  "balance": "$1,537.02",
                  "date": "2018-05-24",
                  "id": "5bcaf2991b8a0f8b6781bae9",
                  "purpose": "bill",
                  "sum": "$635.00",
                },
                Object {
                  "balance": "$2,240.40",
                  "date": "2017-01-18",
                  "id": "5bcaf299c1affce2ab745ddf",
                  "purpose": "debt",
                  "sum": "$959.00",
                },
                Object {
                  "balance": "$1,230.41",
                  "date": "2018-04-09",
                  "id": "5bcaf299cadfb3555e0a3dd9",
                  "purpose": "debt",
                  "sum": "$725.00",
                },
                Object {
                  "balance": "$1,304.59",
                  "date": "2017-01-10",
                  "id": "5bcaf2996bb6aadad0db0c9d",
                  "purpose": "debt",
                  "sum": "$357.00",
                },
                Object {
                  "balance": "$1,052.02",
                  "date": "2016-07-09",
                  "id": "5bcaf299f9b8010281184f08",
                  "purpose": "debt",
                  "sum": "$475.00",
                },
                Object {
                  "balance": "$1,467.48",
                  "date": "2017-11-16",
                  "id": "5bcaf299b1aec2e7734acf27",
                  "purpose": "bill",
                  "sum": "$837.00",
                },
                Object {
                  "balance": "$3,496.21",
                  "date": "2015-03-23",
                  "id": "5bcaf299ac3c3919ae1ceaea",
                  "purpose": "bill",
                  "sum": "$121.00",
                },
                Object {
                  "balance": "$2,440.49",
                  "date": "2017-06-19",
                  "id": "5bcaf29975b8e7c943734250",
                  "purpose": "debt",
                  "sum": "$470.00",
                },
                Object {
                  "balance": "$3,250.93",
                  "date": "2015-02-03",
                  "id": "5bcaf2991acb1c1b252e6cf9",
                  "purpose": "debt",
                  "sum": "$585.00",
                },
                Object {
                  "balance": "$1,570.80",
                  "date": "2017-04-17",
                  "id": "5bcaf29972b393e419c3dfdb",
                  "purpose": "debt",
                  "sum": "$370.00",
                },
                Object {
                  "balance": "$2,432.97",
                  "date": "2016-03-26",
                  "id": "5bcaf299d749eaa8eb876152",
                  "purpose": "debt",
                  "sum": "$535.00",
                },
              ]
            }
          />,
        ],
        "className": "App",
      },
      "ref": null,
      "rendered": Array [
        Object {
          "instance": null,
          "key": undefined,
          "nodeType": "class",
          "props": Object {
            "filters": Object {
              "endDate": null,
              "startDate": null,
            },
            "onSetEndDate": [Function],
            "onSetStartDate": [Function],
          },
          "ref": null,
          "rendered": null,
          "type": [Function],
        },
        Object {
          "instance": null,
          "key": undefined,
          "nodeType": "class",
          "props": Object {
            "payments": Array [
              Object {
                "balance": "$3,830.90",
                "date": "2018-09-28",
                "id": "5bcaf299081302b4b3edf7e0",
                "purpose": "bill",
                "sum": "$558.00",
              },
              Object {
                "balance": "$2,408.67",
                "date": "2017-11-30",
                "id": "5bcaf2995e06351ef89f4647",
                "purpose": "bill",
                "sum": "$866.00",
              },
              Object {
                "balance": "$1,953.59",
                "date": "2015-10-02",
                "id": "5bcaf29903fb5c14e9e50ab5",
                "purpose": "bill",
                "sum": "$938.00",
              },
              Object {
                "balance": "$1,681.36",
                "date": "2017-06-06",
                "id": "5bcaf29953bbec00afa91b65",
                "purpose": "bill",
                "sum": "$454.00",
              },
              Object {
                "balance": "$3,000.41",
                "date": "2018-08-24",
                "id": "5bcaf2991b8797ba0b36cda5",
                "purpose": "debt",
                "sum": "$280.00",
              },
              Object {
                "balance": "$3,344.79",
                "date": "2018-10-29",
                "id": "5bcaf299c691cd190c9a1eac",
                "purpose": "bill",
                "sum": "$510.00",
              },
              Object {
                "balance": "$2,670.31",
                "date": "2017-11-30",
                "id": "5bcaf2993bef3ac01e584b70",
                "purpose": "bill",
                "sum": "$242.00",
              },
              Object {
                "balance": "$2,845.42",
                "date": "2018-07-23",
                "id": "5bcaf299868ebbb3fa376822",
                "purpose": "debt",
                "sum": "$433.00",
              },
              Object {
                "balance": "$1,340.13",
                "date": "2018-03-04",
                "id": "5bcaf29986506804bf1f8379",
                "purpose": "debt",
                "sum": "$941.00",
              },
              Object {
                "balance": "$3,264.82",
                "date": "2017-09-15",
                "id": "5bcaf29948db6d1f8e0ea6ee",
                "purpose": "bill",
                "sum": "$918.00",
              },
              Object {
                "balance": "$2,714.13",
                "date": "2017-08-11",
                "id": "5bcaf299a5eed7e5279ad658",
                "purpose": "debt",
                "sum": "$431.00",
              },
              Object {
                "balance": "$2,191.46",
                "date": "2018-09-17",
                "id": "5bcaf299e104da4a37318858",
                "purpose": "debt",
                "sum": "$977.00",
              },
              Object {
                "balance": "$3,612.70",
                "date": "2018-04-01",
                "id": "5bcaf299fd1691a0ed74d3c6",
                "purpose": "debt",
                "sum": "$304.00",
              },
              Object {
                "balance": "$3,311.94",
                "date": "2015-02-23",
                "id": "5bcaf2999370cacfb00024f1",
                "purpose": "debt",
                "sum": "$895.00",
              },
              Object {
                "balance": "$2,661.82",
                "date": "2018-09-29",
                "id": "5bcaf2996126b9e6a1004b64",
                "purpose": "debt",
                "sum": "$361.00",
              },
              Object {
                "balance": "$2,397.50",
                "date": "2016-04-22",
                "id": "5bcaf2993e4fb402d69e64e2",
                "purpose": "bill",
                "sum": "$475.00",
              },
              Object {
                "balance": "$2,848.27",
                "date": "2016-03-10",
                "id": "5bcaf2994a7945c85f65b55e",
                "purpose": "debt",
                "sum": "$798.00",
              },
              Object {
                "balance": "$3,197.04",
                "date": "2016-12-05",
                "id": "5bcaf299c2072e1873d1b99c",
                "purpose": "bill",
                "sum": "$704.00",
              },
              Object {
                "balance": "$3,511.01",
                "date": "2017-09-18",
                "id": "5bcaf299aa936adf25e1a39c",
                "purpose": "bill",
                "sum": "$954.00",
              },
              Object {
                "balance": "$3,304.55",
                "date": "2017-12-11",
                "id": "5bcaf299378179dd78670d6c",
                "purpose": "debt",
                "sum": "$207.00",
              },
              Object {
                "balance": "$1,768.56",
                "date": "2018-10-09",
                "id": "5bcaf299547b092f17533469",
                "purpose": "bill",
                "sum": "$545.00",
              },
              Object {
                "balance": "$1,321.60",
                "date": "2018-04-10",
                "id": "5bcaf299e1e2e1b6fa96d7d2",
                "purpose": "debt",
                "sum": "$804.00",
              },
              Object {
                "balance": "$1,396.30",
                "date": "2018-08-02",
                "id": "5bcaf2995be3bfad480a65f9",
                "purpose": "bill",
                "sum": "$680.00",
              },
              Object {
                "balance": "$3,194.47",
                "date": "2016-06-12",
                "id": "5bcaf299ebde6e4f32e9ec23",
                "purpose": "debt",
                "sum": "$791.00",
              },
              Object {
                "balance": "$2,572.38",
                "date": "2016-03-05",
                "id": "5bcaf29926a9a7376c1d850b",
                "purpose": "bill",
                "sum": "$145.00",
              },
              Object {
                "balance": "$3,694.97",
                "date": "2014-12-30",
                "id": "5bcaf2995cf632654385d6d4",
                "purpose": "bill",
                "sum": "$428.00",
              },
              Object {
                "balance": "$2,447.56",
                "date": "2017-04-10",
                "id": "5bcaf299245799c8c39baf9b",
                "purpose": "debt",
                "sum": "$171.00",
              },
              Object {
                "balance": "$2,303.50",
                "date": "2018-10-21",
                "id": "5bcaf2991607676ac04751e0",
                "purpose": "debt",
                "sum": "$818.00",
              },
              Object {
                "balance": "$3,664.57",
                "date": "2017-10-04",
                "id": "5bcaf2995ddfe7fdc18ff139",
                "purpose": "bill",
                "sum": "$987.00",
              },
              Object {
                "balance": "$1,990.31",
                "date": "2014-07-04",
                "id": "5bcaf29915566389cee4fb18",
                "purpose": "debt",
                "sum": "$955.00",
              },
              Object {
                "balance": "$1,801.15",
                "date": "2016-07-02",
                "id": "5bcaf299a7aabccc1b29d069",
                "purpose": "bill",
                "sum": "$791.00",
              },
              Object {
                "balance": "$1,374.29",
                "date": "2017-07-07",
                "id": "5bcaf2998ba7a61975fe9cb0",
                "purpose": "debt",
                "sum": "$590.00",
              },
              Object {
                "balance": "$3,675.73",
                "date": "2017-12-07",
                "id": "5bcaf299b4a830c5681c5093",
                "purpose": "bill",
                "sum": "$230.00",
              },
              Object {
                "balance": "$2,378.23",
                "date": "2015-10-25",
                "id": "5bcaf299d34a64756170695e",
                "purpose": "bill",
                "sum": "$168.00",
              },
              Object {
                "balance": "$2,721.22",
                "date": "2014-08-10",
                "id": "5bcaf29942bf601e9270998c",
                "purpose": "debt",
                "sum": "$226.00",
              },
              Object {
                "balance": "$1,553.64",
                "date": "2015-12-08",
                "id": "5bcaf2993512fc952a96487c",
                "purpose": "debt",
                "sum": "$344.00",
              },
              Object {
                "balance": "$1,644.40",
                "date": "2017-10-19",
                "id": "5bcaf2993bab2154da464bba",
                "purpose": "debt",
                "sum": "$176.00",
              },
              Object {
                "balance": "$2,766.67",
                "date": "2014-01-08",
                "id": "5bcaf29951094869eb09bbca",
                "purpose": "bill",
                "sum": "$665.00",
              },
              Object {
                "balance": "$1,654.32",
                "date": "2018-08-17",
                "id": "5bcaf2991084d8a4ff28af25",
                "purpose": "bill",
                "sum": "$350.00",
              },
              Object {
                "balance": "$3,968.68",
                "date": "2017-04-20",
                "id": "5bcaf29997eade264e44fd15",
                "purpose": "bill",
                "sum": "$512.00",
              },
              Object {
                "balance": "$1,165.31",
                "date": "2016-06-07",
                "id": "5bcaf29916783fb2cccee18f",
                "purpose": "bill",
                "sum": "$424.00",
              },
              Object {
                "balance": "$1,721.10",
                "date": "2017-12-16",
                "id": "5bcaf299f50b5924f015c7c9",
                "purpose": "debt",
                "sum": "$717.00",
              },
              Object {
                "balance": "$3,387.97",
                "date": "2015-11-26",
                "id": "5bcaf29993e3c5e871c41e78",
                "purpose": "bill",
                "sum": "$171.00",
              },
              Object {
                "balance": "$2,129.62",
                "date": "2018-09-01",
                "id": "5bcaf299131c0e220ce7c007",
                "purpose": "debt",
                "sum": "$338.00",
              },
              Object {
                "balance": "$3,735.50",
                "date": "2016-11-17",
                "id": "5bcaf2995e23e655b5258a73",
                "purpose": "bill",
                "sum": "$136.00",
              },
              Object {
                "balance": "$2,891.80",
                "date": "2014-12-18",
                "id": "5bcaf299ac3c3481ee162398",
                "purpose": "bill",
                "sum": "$927.00",
              },
              Object {
                "balance": "$2,395.89",
                "date": "2014-12-27",
                "id": "5bcaf299a11e2f70d1af3347",
                "purpose": "debt",
                "sum": "$862.00",
              },
              Object {
                "balance": "$3,105.62",
                "date": "2018-04-23",
                "id": "5bcaf299edc7252da334e70e",
                "purpose": "bill",
                "sum": "$398.00",
              },
              Object {
                "balance": "$3,483.62",
                "date": "2014-06-09",
                "id": "5bcaf2992089d57550a1baf5",
                "purpose": "bill",
                "sum": "$207.00",
              },
              Object {
                "balance": "$3,793.09",
                "date": "2015-04-10",
                "id": "5bcaf299069d8fe39b5ac25a",
                "purpose": "debt",
                "sum": "$162.00",
              },
              Object {
                "balance": "$3,819.35",
                "date": "2017-09-28",
                "id": "5bcaf2991e8b8b14cf0a1aa1",
                "purpose": "bill",
                "sum": "$917.00",
              },
              Object {
                "balance": "$3,640.90",
                "date": "2017-08-06",
                "id": "5bcaf29912f33e8d1a7bf892",
                "purpose": "bill",
                "sum": "$615.00",
              },
              Object {
                "balance": "$1,224.50",
                "date": "2017-05-10",
                "id": "5bcaf299e0b29001ca6e9175",
                "purpose": "bill",
                "sum": "$185.00",
              },
              Object {
                "balance": "$3,310.24",
                "date": "2015-06-28",
                "id": "5bcaf29953e3135487d847bd",
                "purpose": "debt",
                "sum": "$142.00",
              },
              Object {
                "balance": "$1,045.86",
                "date": "2016-08-11",
                "id": "5bcaf299a5eccc999981a05f",
                "purpose": "bill",
                "sum": "$129.00",
              },
              Object {
                "balance": "$1,999.61",
                "date": "2017-02-14",
                "id": "5bcaf29917f213efbe4a7e1a",
                "purpose": "debt",
                "sum": "$305.00",
              },
              Object {
                "balance": "$3,071.68",
                "date": "2017-12-25",
                "id": "5bcaf2996a9454ad1c865f33",
                "purpose": "bill",
                "sum": "$982.00",
              },
              Object {
                "balance": "$3,499.39",
                "date": "2014-09-07",
                "id": "5bcaf29905897ba7f447fb0c",
                "purpose": "bill",
                "sum": "$783.00",
              },
              Object {
                "balance": "$3,639.54",
                "date": "2015-03-09",
                "id": "5bcaf299a05b328facbcf2cb",
                "purpose": "debt",
                "sum": "$398.00",
              },
              Object {
                "balance": "$1,226.20",
                "date": "2016-07-26",
                "id": "5bcaf2995c1725685032761c",
                "purpose": "bill",
                "sum": "$306.00",
              },
              Object {
                "balance": "$1,165.52",
                "date": "2015-06-01",
                "id": "5bcaf299d2b3fd1044966bc5",
                "purpose": "bill",
                "sum": "$287.00",
              },
              Object {
                "balance": "$2,675.76",
                "date": "2018-03-23",
                "id": "5bcaf29988c25078e3cb68c1",
                "purpose": "debt",
                "sum": "$733.00",
              },
              Object {
                "balance": "$1,610.47",
                "date": "2016-03-24",
                "id": "5bcaf2998ced3d8d17150c6c",
                "purpose": "bill",
                "sum": "$397.00",
              },
              Object {
                "balance": "$3,653.85",
                "date": "2017-07-25",
                "id": "5bcaf2999c138a0f0a637ec9",
                "purpose": "bill",
                "sum": "$534.00",
              },
              Object {
                "balance": "$1,406.75",
                "date": "2018-02-17",
                "id": "5bcaf29910fe8cea88630884",
                "purpose": "bill",
                "sum": "$280.00",
              },
              Object {
                "balance": "$3,428.17",
                "date": "2018-08-07",
                "id": "5bcaf299a1c73d48b87ede12",
                "purpose": "debt",
                "sum": "$945.00",
              },
              Object {
                "balance": "$3,317.42",
                "date": "2016-07-21",
                "id": "5bcaf299f1be1b1542cd2c3a",
                "purpose": "bill",
                "sum": "$691.00",
              },
              Object {
                "balance": "$2,726.09",
                "date": "2015-09-24",
                "id": "5bcaf299d1bcd559994d4ba1",
                "purpose": "bill",
                "sum": "$401.00",
              },
              Object {
                "balance": "$2,997.32",
                "date": "2017-05-17",
                "id": "5bcaf299b569196b20fb7312",
                "purpose": "debt",
                "sum": "$938.00",
              },
              Object {
                "balance": "$1,484.24",
                "date": "2016-09-15",
                "id": "5bcaf299383f0fb5159a9578",
                "purpose": "bill",
                "sum": "$517.00",
              },
              Object {
                "balance": "$3,832.85",
                "date": "2016-10-06",
                "id": "5bcaf299469910f7d3bc81f5",
                "purpose": "bill",
                "sum": "$252.00",
              },
              Object {
                "balance": "$2,099.81",
                "date": "2015-05-20",
                "id": "5bcaf299a3e6976ab5e0e8ff",
                "purpose": "debt",
                "sum": "$801.00",
              },
              Object {
                "balance": "$3,928.35",
                "date": "2015-10-21",
                "id": "5bcaf2992c0f1654418978a0",
                "purpose": "bill",
                "sum": "$142.00",
              },
              Object {
                "balance": "$1,125.24",
                "date": "2016-12-02",
                "id": "5bcaf2992a5c84119e83edd9",
                "purpose": "debt",
                "sum": "$319.00",
              },
              Object {
                "balance": "$3,138.73",
                "date": "2016-03-22",
                "id": "5bcaf299e7791c44bb40229c",
                "purpose": "bill",
                "sum": "$735.00",
              },
              Object {
                "balance": "$1,296.63",
                "date": "2014-12-19",
                "id": "5bcaf299e4b9934107b5c740",
                "purpose": "bill",
                "sum": "$285.00",
              },
              Object {
                "balance": "$3,467.85",
                "date": "2014-05-12",
                "id": "5bcaf29903f40ee6382a9386",
                "purpose": "bill",
                "sum": "$813.00",
              },
              Object {
                "balance": "$1,875.65",
                "date": "2017-06-27",
                "id": "5bcaf299a1ac245b8d52e16b",
                "purpose": "debt",
                "sum": "$511.00",
              },
              Object {
                "balance": "$3,147.36",
                "date": "2017-07-21",
                "id": "5bcaf299d114711ddc50279b",
                "purpose": "bill",
                "sum": "$986.00",
              },
              Object {
                "balance": "$3,964.27",
                "date": "2015-03-09",
                "id": "5bcaf299c135aa710a7f8740",
                "purpose": "bill",
                "sum": "$264.00",
              },
              Object {
                "balance": "$2,350.34",
                "date": "2018-07-18",
                "id": "5bcaf2996a06a70be282e33f",
                "purpose": "debt",
                "sum": "$519.00",
              },
              Object {
                "balance": "$3,701.11",
                "date": "2016-02-25",
                "id": "5bcaf299821ca19a46f3562c",
                "purpose": "bill",
                "sum": "$764.00",
              },
              Object {
                "balance": "$3,914.41",
                "date": "2017-04-12",
                "id": "5bcaf29903ec25dfcf68a541",
                "purpose": "debt",
                "sum": "$283.00",
              },
              Object {
                "balance": "$2,542.49",
                "date": "2018-07-14",
                "id": "5bcaf299b1f78d8aef7ea57f",
                "purpose": "bill",
                "sum": "$113.00",
              },
              Object {
                "balance": "$2,456.31",
                "date": "2016-08-19",
                "id": "5bcaf299ffb098da761f4232",
                "purpose": "bill",
                "sum": "$541.00",
              },
              Object {
                "balance": "$3,870.65",
                "date": "2014-08-30",
                "id": "5bcaf299f9f6d600458b3d94",
                "purpose": "bill",
                "sum": "$806.00",
              },
              Object {
                "balance": "$1,330.80",
                "date": "2015-01-12",
                "id": "5bcaf29934d0ddfb26d70dff",
                "purpose": "debt",
                "sum": "$711.00",
              },
              Object {
                "balance": "$3,522.65",
                "date": "2016-03-02",
                "id": "5bcaf29969705c339279a157",
                "purpose": "bill",
                "sum": "$365.00",
              },
              Object {
                "balance": "$2,727.29",
                "date": "2014-11-08",
                "id": "5bcaf299e75b068d43439093",
                "purpose": "bill",
                "sum": "$846.00",
              },
              Object {
                "balance": "$1,537.02",
                "date": "2018-05-24",
                "id": "5bcaf2991b8a0f8b6781bae9",
                "purpose": "bill",
                "sum": "$635.00",
              },
              Object {
                "balance": "$2,240.40",
                "date": "2017-01-18",
                "id": "5bcaf299c1affce2ab745ddf",
                "purpose": "debt",
                "sum": "$959.00",
              },
              Object {
                "balance": "$1,230.41",
                "date": "2018-04-09",
                "id": "5bcaf299cadfb3555e0a3dd9",
                "purpose": "debt",
                "sum": "$725.00",
              },
              Object {
                "balance": "$1,304.59",
                "date": "2017-01-10",
                "id": "5bcaf2996bb6aadad0db0c9d",
                "purpose": "debt",
                "sum": "$357.00",
              },
              Object {
                "balance": "$1,052.02",
                "date": "2016-07-09",
                "id": "5bcaf299f9b8010281184f08",
                "purpose": "debt",
                "sum": "$475.00",
              },
              Object {
                "balance": "$1,467.48",
                "date": "2017-11-16",
                "id": "5bcaf299b1aec2e7734acf27",
                "purpose": "bill",
                "sum": "$837.00",
              },
              Object {
                "balance": "$3,496.21",
                "date": "2015-03-23",
                "id": "5bcaf299ac3c3919ae1ceaea",
                "purpose": "bill",
                "sum": "$121.00",
              },
              Object {
                "balance": "$2,440.49",
                "date": "2017-06-19",
                "id": "5bcaf29975b8e7c943734250",
                "purpose": "debt",
                "sum": "$470.00",
              },
              Object {
                "balance": "$3,250.93",
                "date": "2015-02-03",
                "id": "5bcaf2991acb1c1b252e6cf9",
                "purpose": "debt",
                "sum": "$585.00",
              },
              Object {
                "balance": "$1,570.80",
                "date": "2017-04-17",
                "id": "5bcaf29972b393e419c3dfdb",
                "purpose": "debt",
                "sum": "$370.00",
              },
              Object {
                "balance": "$2,432.97",
                "date": "2016-03-26",
                "id": "5bcaf299d749eaa8eb876152",
                "purpose": "debt",
                "sum": "$535.00",
              },
            ],
          },
          "ref": null,
          "rendered": null,
          "type": [Function],
        },
      ],
      "type": "div",
    },
  ],
  Symbol(enzyme.__options__): Object {
    "adapter": ReactSixteenAdapter {
      "options": Object {
        "enableComponentDidUpdateOnSetState": true,
        "lifecycles": Object {
          "componentDidUpdate": Object {
            "onSetState": true,
          },
          "getDerivedStateFromProps": true,
          "getSnapshotBeforeUpdate": true,
          "setState": Object {
            "skipsComponentDidUpdateOnNullish": true,
          },
        },
      },
    },
  },
}
`;
